=== CLOB (Character Large Object) ===
  ✓ Inserted 3 documents with CLOB data
  README          (64 chars): # CUBRID Cookbook

A collection of examples for CUBRID datab...
  License         (45 chars): Apache License 2.0

Copyright 2026 cubrid-lab
  Long Text       (2,800 chars): Lorem ipsum dolor sit amet. Lorem ipsum dolor sit amet. Lore...

=== BLOB (Binary Large Object) ===
  ✓ Inserted 3 files with BLOB data
  icon.bin        (256 bytes)
  sample.bin      (3,000 bytes)
  empty.bin       (NULL)

✓ Cleaned up
